boundary-probes.command.json: FAILED
build-artifacts.json: FAILED
build.command.json: FAILED
dependency-audit-all.command.json: FAILED
dependency-audit.command.json: FAILED
docs-local-links.json: FAILED
environment.command.json: FAILED
existing-artifacts.json: FAILED
extra-probes-retry.command.json: FAILED
extra-probes.command.json: FAILED
extra-probes.json: FAILED
harnesses/audit-extra.mjs: FAILED
harnesses/audit-final-checks.mjs: FAILED
harnesses/audit-output-alias.mjs: FAILED
harnesses/audit-probes.mjs: FAILED
harnesses/audit-render-matrix.mjs: FAILED
harnesses/audit-static.mjs: FAILED
image-export-jpg.command.json: FAILED
image-export-png.command.json: FAILED
image-export-verification.command.json: FAILED
image-export-verification.json: FAILED
installed-test-format.command.json: FAILED
installed-verify.command.json: FAILED
output-alias.command.json: FAILED
output-alias.json: FAILED
package-inventory.command.json: FAILED
post-test-snapshot.json: FAILED
procedure-hashes.json: FAILED
qr-render.command.json: FAILED
render-matrix-retry.command.json: FAILED
render-matrix.command.json: FAILED
render-matrix.json: FAILED
report-validation.json: FAILED
scoped-snapshot.json: FAILED
scoped-source-manifest.json: FAILED
self-test.command.json: FAILED
snapshot.json: FAILED
static-review-final.command.json: FAILED
static-review.command.json: FAILED
static-review.json: FAILED
test-remediation.json: FAILED
tests-host.command.json: FAILED
tests.command.json: FAILED
updated-final-tests.command.json: FAILED
updated-full-tests.command.json: FAILED
updated-targeted.command.json: FAILED
visual-review.json: FAILED
entries=109 failed=47
--- command companions whose log hash still matches:
log hashes ok 25 bad 0
