
> mnemocode@0.1.0 build /home/sergio/Documents/bip_tools/mnemocode
> pnpm clean && tsc -p tsconfig.json


> mnemocode@0.1.0 clean /home/sergio/Documents/bip_tools/mnemocode
> node -e "require('node:fs').rmSync('dist',{recursive:true,force:true})"

a1759ddda46e22ba13d0bd0eecdeeea68381cf3e741b311fb4a210895b5de69d  dist/bitcoin-evidence.d.ts
ccf75dcbb7816ce42b21d339d795f38606866aa36802453819353b59a2175f26  dist/bitcoin-evidence.js
c76e6e3622e827497034387c11b44d8296929cb3e2535f41a64a626d9d534d2a  dist/cli/arguments.d.ts
29f263bbf2e58496bba9f69193a878d6f04f7cf3ca2f56ab8b66e6ef48c1e169  dist/cli/arguments.js
cf8cf8fd7ed471ea7eccdf4ac3a8f2473bec7e5cf09237d344b138f744a176b4  dist/cli/bitcoin-options.d.ts
7012bc7a92ae85aa3529225cec5d2c301fee0c5449e7ce5d7ef06766ce0a13fd  dist/cli/bitcoin-options.js
404d733c63856f28b8c1cb21a67910483af2ef9751607a6d31b802a70fe3640c  dist/cli/business-options.d.ts
4006b962afce5e1d8f4246865244f55e98dc91c648e6cea0039bf68bb844785e  dist/cli/business-options.js
d243694f841121d6323449bef6ddec32665734529496081d007c1878f766c905  dist/cli/card-options.d.ts
9b54c4acecbabb50ac42fdbaa0bd098bf73bec6102a4c77018d769c746b3ba82  dist/cli/card-options.js
fe81e0dc9762a188c34c6d76d3b8658f2f741b9dc038a9cfc6b1a8dd0db30ace  dist/cli/decode-command.d.ts
86776b2afe235300a10a47033ff17f4113c99651c85403bd5b322cb1a3a383ef  dist/cli/decode-command.js
8cbf97004465e06e2457ad3bb3fb37b9c5bf3a1a3274ac853742911e5e26eb12  dist/cli/encode-command.d.ts
ca7435ba8efc205872be4857dc820ecabc02d0a86e7984e3ba59bfb1e0800c01  dist/cli/encode-command.js
3209f66d2806f89afd7e31ecc4ff6448cff21756699a16b98ffc0e971b871d86  dist/cli/encode-export.d.ts
271238307f768b779267b5c56c44ad2a2872775c057741c8de2b8192f649323f  dist/cli/encode-export.js
129934d6db19c1abd61cbf51acd40c3a447821460c18487d0ed09771bf95fd6e  dist/cli/encode-report.d.ts
b9ac8e4eaf05b35b78a50c31699b327448d5d8811b7b3f1d2bc29a90a3ee5890  dist/cli/encode-report.js
d1e481ff861db1ce4cf6115ea88ffc2f41829c1dbdff21d113e6aaa34125858c  dist/cli/image-options.d.ts
d296b1b811f8986e2b44f77f297a9458d26dbb99f557957a18fcd992529c9225  dist/cli/image-options.js
50803b4e47306544c3305bd69519eed073b5ee11fe13d1b18c68ab377d7f7a23  dist/cli/input.d.ts
83ffed58d60b0de0fd6afdabaf3af321167d5a7519534b94381faf87d7206569  dist/cli/input.js
e4e3d163c023b5b4b34819783159f4f4b0bf99440a3e6c27739b9392b63a4f08  dist/cli/output-paths.d.ts
e4e6e7815c1fafedb4602b65346df9c81e954c7ae5df2380a6d149fd24143462  dist/cli/output-paths.js
17754dec0f14487ffb113028e0ee6ce6f89fff0a566505c7b0866162c1d1a0fd  dist/cli/preview-command.d.ts
f4b92d310fc3b79e2c4eab04d93f3eb585312b9067a0ae88325be7bb5f773ab7  dist/cli/preview-command.js
6d1feb06ddde7cfb430342b8e2b15a9206c0d620f0f65e01c18e72720b861f5f  dist/cli/qr-export.d.ts
14c4827973869d412453fa2eafd1dd9bde5f53aae229e3e917d374ef654e5e14  dist/cli/qr-export.js
c12404d2673f275cd8ac781bd0627662e11313c93dc664c9804e3821431b05c4  dist/cli/qr-input.d.ts
3d4d2435eb857a95408dde2f43c765d29038711a6525bf2f32a3b5d7bf29325d  dist/cli/qr-input.js
8b6f71b414bdb231013e638c9477efabb9c71db4dd54e5326577e302bd06f987  dist/cli/recover-date-command.d.ts
bacf229017346e63f5469165a41ea9ff91d2334f6433829cf231a15857060308  dist/cli/recover-date-command.js
08050ec7baf16ccd450a6113215b5f058baaea570b97dd805f04b86e8348280c  dist/cli/self-test.d.ts
d10bf4f0b08133005840b8459f6f9a5b2b3c6340ae2fa0cffdb9d36b6988ec23  dist/cli/self-test.js
9e4fffb6a7a35879098d37d0555dad9953b6ecda024ff8c115608c451955d854  dist/cli/sskr-command.d.ts
ab3fe95f84c92e7c271e8824c5c0b68c3c510487eba5cb970715a95699dcd215  dist/cli/sskr-command.js
6fabcd9bca0086787a3da2451af55008affab0a4e69da1ced7e380c63dc47d20  dist/cli/table-command.d.ts
aefabd78e0e3e427fa2cbc47803fe0d638ee3349fd14d6ffcb40f63980f86f65  dist/cli/table-command.js
f48bb55bad8faf53bec52231016142c361484ed71bed32cd16b3273cd3939d1b  dist/cli/terminal.d.ts
30517cb2f1875ca17fd3fefc219b4a5a39a048f7232750584c90ad9984c83132  dist/cli/terminal.js
a50d2c7479275ac8a04a0f9d08d94cb76efcdc745bbb98850586be9e03ecaae3  dist/cli/usage.d.ts
4ec4ad9b288dc4c088586a77820c42f424b2096ee7d34576e45f54a32d315337  dist/cli/usage.js
c796f34bab0aac8988ba6d6ae7beef57e7761959c6e412bbb8882d1c1b9c2508  dist/color-export.d.ts
fb2d6e9259615c515b1ed2d6ff4a2f3df0971101b8071b6a62da895ec54de4a1  dist/color-export.js
8eaa8c3be470b4304cb90ead839e0f1247bb238eb34267e6ca26a8e1723d2ae3  dist/core/bits.d.ts
5babafdfbe21f4aff0f289783f950ef1622e04256d3dd8565dac71ed76d16995  dist/core/bits.js
f2a5050acf0cda77e45b9906aa819daf3f431ed856d324a9af79827b22814359  dist/core/colors.d.ts
0e4a317d6b6bb7e63b1d4e2ee0c28a371367a6ab8c01284726462057d16994bc  dist/core/colors.js
6397d19e1b94b832990fd67d5e8b1efa10c23e7876011315625c2ca07b0bd56b  dist/core/dates.d.ts
7514087cc1326d6097d64a7362dcd13e856750d9c4555b4257297d0420b23605  dist/core/dates.js
31fa245963a5246f7545b0da9e4ec321a139e5dea91b5b13a08471f5cac24308  dist/core.d.ts
655a63f563adbb441c5aca527d19d0321e90a09df392a66ee94ab9ae6d3bc99c  dist/core.js
1e3c1c77fd2874bb2e927ae06ef123e23b39881986fa7b7f68b70b8cc2d02a59  dist/core/representations.d.ts
17c3925a52d785562901137ac1d3fce205c4a12369d8a7003f94ae8bbb9ad09e  dist/core/representations.js
eb335efb67586452dd514a8a4af4358320e05b96a1b380c70d9defc1f42d68cc  dist/core/seedshift.d.ts
74adce55232e43d80500277c416e1c85534224cb46e9ddcffa8ad7fa3f89d93a  dist/core/seedshift.js
cdb145760d2d78ad8b9b05604413498a432a04aaaf699da935013dbc19a3e8f1  dist/core/types.d.ts
0943283f31924edaba749d9fadd07f75cf3aae57efafdad4cef67f70364c1e4b  dist/core/types.js
a3342ae580240e9e16560ae630edae49de9f2364030851b76ce216cebfd9ac7d  dist/core/words.d.ts
720a4c81d0ad1a0b5c2fdfa6b400e12e8a46025b6f301d2416e8bec6bddb6670  dist/core/words.js
092a7f251a752b0e2ec9b5f96547d5bd50badaa20ca011aa6a47ac7d1fe6624b  dist/export/business-artwork.d.ts
2d66436ae9ffc9cd6541569e39ccf3ad74201f7b2a51820c21e1be7f10220a98  dist/export/business-artwork.js
c68766db42f4dab11f7d8eebc44cbf36eb8aaf884132c45d9f1c7aa27d8e0c36  dist/export/business-cards.d.ts
72d4b62cdf28609eb35f891f6709de96c9d179ed0adeb88fdc4149d3fc32a7a0  dist/export/business-cards.js
fc6a926511081d89b09c07f4c14e2214ff26ebc32cfbc60f052bb71a74ab3cd0  dist/export/business-designs.d.ts
90ffe13d0a521fec1c4a1d8ea605488a6e508b85626e408209820cd7ead079fb  dist/export/business-designs.js
bc79970e9c8dc69fb52b05d1594154b7fa5049eea9c529308496c03f9956b66c  dist/export/business-layout.d.ts
fb226cf2acb1ba977369418307a5b05a35a2f6b61630194f8ef0c32d9ca3aff4  dist/export/business-layout.js
950abaccd16fad645c9b2d53da2fc2458e92f9a70d2f656b88c8f85bbf3bb691  dist/export/business-render-primitives.d.ts
b46b2a5943ae1e0879e6538e3f22429b0cb6c6737058bda79b6c6fc50e72001e  dist/export/business-render-primitives.js
8105623cdcde76013b6488de61262079745472e200324132de8d246989671154  dist/export/card-copy.d.ts
0471d3e317c5eb70f76fc69060a982460841c4a26b0ffd43e022a8edc7e4430f  dist/export/card-copy.js
2777dcc506b3f43fa5b6386afe63228a71c93178abfabe5f3489343940e5f8ce  dist/export/card-identities.d.ts
8d05c6c4625191437d6596fafcb437b9e8e20ed6405bcb6f8908e550288994f3  dist/export/card-identities.js
1bc7d4dceeb276715f427d491ea6d0667f7ccf37d21508f7fffd646ef5c6997f  dist/export/card-qr.d.ts
95865ab2719ed84392e285d57044a66ccfecd167f12c4c991b088159c5f7a282  dist/export/card-qr.js
a5c437c7890576d506de9465bd30b4ebbeb876d29b09503a8051d76af0c95ed8  dist/export/card-settings.d.ts
0cc1c1ef45a73ca21638348f21be971c7a309c8e44c4f2b676bc54e75dbe2294  dist/export/card-settings.js
aefd5b358c04832f5af56dd96762c6369d3b95289671d61752809c08623f5dd1  dist/export/document-metadata.d.ts
02aacdd30e0932b59d381d75df724f0a778755ca713fc6731fda2b77173350aa  dist/export/document-metadata.js
d0be24eaafab3bf9b78803b6b936be034b708b8d4fa5e66f415bbb6659ef6332  dist/export/glass-artwork.d.ts
fa69875b58fe3152ef3e43cb256e40e9b2829cb38aa544562d5bd8214efaff78  dist/export/glass-artwork.js
8aeba164807532b229930951305d8377e887a56d828913ee79609d7760c42613  dist/export/glass-cards.d.ts
b1543d0519c9e4821cf30f435d27029766ce01a703d9779616eaf08ea833f4c6  dist/export/glass-cards.js
c8a93805a3dd5e0d1ef527c3dd52e525376231a6f8e729f990ac6768ef53dc6a  dist/export/glass-layout.d.ts
c3657b74bb0a91f9fd1cfe8d5f699c9c4e5d7c28edc8b827d942f267969b3d73  dist/export/glass-layout.js
7118a9136e951accfcc4c0e4a6e1f7b1d1ac3adca0386b31037185bcdb71f807  dist/export/image-export.d.ts
7cd09753cb6b906034359da0a6d25c2cd51f5c1a1d2d28172eb4b05bf47b2e45  dist/export/image-export.js
f9f4002a436bf7f4702dc09cbce1b6a2653393a6d7494bdaba246bef9c7b6319  dist/export/individual-cards.d.ts
03e5e49fe3a609d46d95c626066f6bb8375cc829d04ea4aacedbba9161932395  dist/export/individual-cards.js
604ebdf8c4f82c6b9b6a11c52cf7e99c4dd9d2f32ebb208421258614494d7e78  dist/export/material-artwork.d.ts
a034900494de9764e527cf0bfa5ec932c6024211e093318913421526b40c26db  dist/export/material-artwork.js
e6e56a2a732ee7f89202af5d07fd89b37c069c56de3b6aab316d8eec1359268a  dist/export/material-cards.d.ts
3a3369894a605875fba0e892c46bdbcfaeaf1dccdeaf45d81cf9795c09aae306  dist/export/material-cards.js
b726a538460d428acd2c928182671da90a77ab0734bd396b241715684fb66441  dist/export/material-layout.d.ts
7a445b10905d0c65e07646a1f41de5dd81d9d05852e388fc31ae37dc2712ee9d  dist/export/material-layout.js
623a00810e15b14a09ff12b41422f8b1e0d7cacecbc9c7af66e1938b450f21f5  dist/export/pdf.d.ts
1bad37cc2d75ffe167f3e2d03e203952b6b9274c0aaf1851dd62c7b2f3ce667c  dist/export/pdf.js
e0271327ec3407781e47a832844039d5b0ab19ff8d6e665d260b813c6376a0b9  dist/export/private-file.d.ts
a93e4f700aee3bb4abeb122b3a8446dbf8d53576b07c45a0ded79f37131aecbb  dist/export/private-file.js
966176bb54178b363ceda63dbf5aef9c2ca4b4745ad0e86a37c7290cd5b06b61  dist/export/sskr-cards.d.ts
1d4ab17dba55d1f0940ffe57c6cc51819a08c34ed2b9b26cd9a45a9ffa9c4ac5  dist/export/sskr-cards.js
01cac4cc9332d7a72376ed617267d048d447195310e7248419528e2f2f224968  dist/export/sskr-content.d.ts
8e609bb71c20b858c77f0e9f90bb1319db8477b13f9f965f1a1e18524bf50881  dist/export/sskr-content.js
a8eb95ab01608b73b84a491fbeb86df914b892d121d0c54ed3fc5070d3b795b8  dist/export/templates.d.ts
c266ced714bab9193c3936f7b204415a8af3b1363547b272f2aec52e9b81c310  dist/export/templates.js
fc456175fb61d50491d6bafc66edec1e1733520bade0d6ebb469b045b6bf88c9  dist/index.d.ts
fc456175fb61d50491d6bafc66edec1e1733520bade0d6ebb469b045b6bf88c9  dist/index.js
43e818adf60173644896298637f47b01d5819b17eda46eaa32d0c7d64724d012  dist/mnemocode.d.ts
7ae2bf2e9e85d3c75673233b93e61f194191b9bc8cfa229c93c4ca44af75851f  dist/mnemocode.js
d062e690e35f3cda453ee33fb584be0152f878aa75db5357157a6913f3828fc0  dist/record.d.ts
d5753cdde48df8162a69acd2008c2a51b4a084b98d3e474f529accd720b94f0b  dist/record.js
907e96ac7f70e07429660bfffc21539d800310ec80ad3fab3c1b0840fd0bbfc8  dist/sskr/bytewords-list.d.ts
816abc1161755103fe5078140af90b8a02d8c2d9f5433e0a1d668ccd71dbe79e  dist/sskr/bytewords-list.js
38a88a0c3176dcc49bdf19d575fa8dd394d3a0f370e8e2ac708471eb1ab8be8d  dist/sskr/index.d.ts
f67166860b88eb4285836a21bfd3c92b16196c97dc7f135632b8fce8595016b4  dist/sskr/index.js
ced7a11acab47cbd0dbae47a1963bf077e36ef34123b851924c7d4c28475e0bc  dist/sskr/runtime.d.ts
b351d2ede37e6066a48be0c8ae7e5ccabd80ce45b23ebdda8c7143c7063b0e29  dist/sskr/runtime.js
2e774bd840c97aa1b1d698f1b0ec5121975b370d9fa7a18942b693f36256057c  dist/sskr/self-test.d.ts
6b0edd0ff6ea7f5265cb2290efea6fd78f0ebb341173a7e21e49908a1b382b89  dist/sskr/self-test.js
a6d26e4e1eea98c13dfd2a537c4a268260cc129a68d8a61992302d89866ee646  dist/sskr/shares.d.ts
e8142188b0ec3a004af7b1058aa478bfa0d3c30ec1ea1ce43f92b7e06b57227f  dist/sskr/shares.js
5d3467b69413e213fc0dc6ffe8f65d045ba194b320fa014bbe467d6a2155b1b4  dist/sskr/transport.d.ts
f02ac34df7df4c3a3864f664989a6fc85a60a07ab2660ec4f461f14d9aae177f  dist/sskr/transport.js
bf93e3c398a5195332457c35657647114fb8dbca88dde9a766cbc2460c181481  dist/unicode-card-export.d.ts
2be2df954c0cda86d3063e5213fece890860e7eeac4c5089421560c4e7b8e681  dist/unicode-card-export.js
