[
  {
    "id": "mnemocode@0.1.0",
    "name": "mnemocode",
    "version": "0.1.0",
    "size": 3365043,
    "unpackedSize": 4121157,
    "shasum": "99f6a2fc416bb271e6dede704e80e9eda183fb2c",
    "integrity": "sha512-eW7ZL2KEF5dbQ+n6WzEDTXWsgBD7Q+g0417Ux9Tzt4QyzMKPJiObX5k761kBh2IHJV05WIKcWqxnSmBjcbl5IA==",
    "filename": "mnemocode-0.1.0.tgz",
    "files": [
      {
        "path": "CHANGELOG.md",
        "size": 493,
        "mode": 420
      },
      {
        "path": "LICENSE",
        "size": 1079,
        "mode": 420
      },
      {
        "path": "NOTICE",
        "size": 601,
        "mode": 420
      },
      {
        "path": "README.md",
        "size": 45286,
        "mode": 420
      },
      {
        "path": "THIRD_PARTY_NOTICES.md",
        "size": 2771,
        "mode": 420
      },
      {
        "path": "assets/fonts/DejaVuSans-NOTICE",
        "size": 3859,
        "mode": 420
      },
      {
        "path": "assets/fonts/DejaVuSans-UI.ttf",
        "size": 60752,
        "mode": 420
      },
      {
        "path": "assets/fonts/DroidSansFallback-BIP39.ttf",
        "size": 371572,
        "mode": 420
      },
      {
        "path": "assets/fonts/DroidSansFallback-NOTICE",
        "size": 12664,
        "mode": 420
      },
      {
        "path": "assets/images/business-architect-v1.png",
        "size": 114271,
        "mode": 420
      },
      {
        "path": "assets/images/business-contact-v1.png",
        "size": 183030,
        "mode": 420
      },
      {
        "path": "assets/images/business-curves-v1.png",
        "size": 266582,
        "mode": 420
      },
      {
        "path": "assets/images/business-diagonal-v1.png",
        "size": 300590,
        "mode": 420
      },
      {
        "path": "assets/images/business-estate-v1.png",
        "size": 199704,
        "mode": 420
      },
      {
        "path": "assets/images/business-facets-v1.png",
        "size": 250183,
        "mode": 420
      },
      {
        "path": "assets/images/business-glass-4in1.png",
        "size": 284075,
        "mode": 420
      },
      {
        "path": "assets/images/business-glass-6in1.jpg",
        "size": 74121,
        "mode": 420
      },
      {
        "path": "assets/images/business-glass-8in1.jpg",
        "size": 62941,
        "mode": 420
      },
      {
        "path": "assets/images/business-it-v1.png",
        "size": 155551,
        "mode": 420
      },
      {
        "path": "assets/images/material-enclosure.jpg",
        "size": 176121,
        "mode": 420
      },
      {
        "path": "assets/images/material-kitchen.jpg",
        "size": 164484,
        "mode": 420
      },
      {
        "path": "assets/images/material-switch.jpg",
        "size": 164904,
        "mode": 420
      },
      {
        "path": "assets/images/material-tile.jpg",
        "size": 205470,
        "mode": 420
      },
      {
        "path": "assets/images/material-vehicle.jpg",
        "size": 197607,
        "mode": 420
      },
      {
        "path": "dist/bitcoin-evidence.d.ts",
        "size": 1876,
        "mode": 420
      },
      {
        "path": "dist/bitcoin-evidence.js",
        "size": 10073,
        "mode": 420
      },
      {
        "path": "dist/cli/arguments.d.ts",
        "size": 547,
        "mode": 420
      },
      {
        "path": "dist/cli/arguments.js",
        "size": 2932,
        "mode": 420
      },
      {
        "path": "dist/cli/bitcoin-options.d.ts",
        "size": 295,
        "mode": 420
      },
      {
        "path": "dist/cli/bitcoin-options.js",
        "size": 2796,
        "mode": 420
      },
      {
        "path": "dist/cli/business-options.d.ts",
        "size": 546,
        "mode": 420
      },
      {
        "path": "dist/cli/business-options.js",
        "size": 2194,
        "mode": 420
      },
      {
        "path": "dist/cli/card-options.d.ts",
        "size": 390,
        "mode": 420
      },
      {
        "path": "dist/cli/card-options.js",
        "size": 3321,
        "mode": 420
      },
      {
        "path": "dist/cli/decode-command.d.ts",
        "size": 134,
        "mode": 420
      },
      {
        "path": "dist/cli/decode-command.js",
        "size": 3988,
        "mode": 420
      },
      {
        "path": "dist/cli/encode-command.d.ts",
        "size": 693,
        "mode": 420
      },
      {
        "path": "dist/cli/encode-command.js",
        "size": 4176,
        "mode": 420
      },
      {
        "path": "dist/cli/encode-export.d.ts",
        "size": 324,
        "mode": 420
      },
      {
        "path": "dist/cli/encode-export.js",
        "size": 4104,
        "mode": 420
      },
      {
        "path": "dist/cli/encode-report.d.ts",
        "size": 203,
        "mode": 420
      },
      {
        "path": "dist/cli/encode-report.js",
        "size": 2968,
        "mode": 420
      },
      {
        "path": "dist/cli/image-options.d.ts",
        "size": 430,
        "mode": 420
      },
      {
        "path": "dist/cli/image-options.js",
        "size": 1187,
        "mode": 420
      },
      {
        "path": "dist/cli/input.d.ts",
        "size": 1446,
        "mode": 420
      },
      {
        "path": "dist/cli/input.js",
        "size": 8499,
        "mode": 420
      },
      {
        "path": "dist/cli/output-paths.d.ts",
        "size": 405,
        "mode": 420
      },
      {
        "path": "dist/cli/output-paths.js",
        "size": 2740,
        "mode": 420
      },
      {
        "path": "dist/cli/preview-command.d.ts",
        "size": 129,
        "mode": 420
      },
      {
        "path": "dist/cli/preview-command.js",
        "size": 5144,
        "mode": 420
      },
      {
        "path": "dist/cli/qr-export.d.ts",
        "size": 87,
        "mode": 420
      },
      {
        "path": "dist/cli/qr-export.js",
        "size": 431,
        "mode": 420
      },
      {
        "path": "dist/cli/qr-input.d.ts",
        "size": 148,
        "mode": 420
      },
      {
        "path": "dist/cli/qr-input.js",
        "size": 1634,
        "mode": 420
      },
      {
        "path": "dist/cli/recover-date-command.d.ts",
        "size": 139,
        "mode": 420
      },
      {
        "path": "dist/cli/recover-date-command.js",
        "size": 4871,
        "mode": 420
      },
      {
        "path": "dist/cli/self-test.d.ts",
        "size": 106,
        "mode": 420
      },
      {
        "path": "dist/cli/self-test.js",
        "size": 14248,
        "mode": 420
      },
      {
        "path": "dist/cli/sskr-command.d.ts",
        "size": 715,
        "mode": 420
      },
      {
        "path": "dist/cli/sskr-command.js",
        "size": 12427,
        "mode": 420
      },
      {
        "path": "dist/cli/table-command.d.ts",
        "size": 124,
        "mode": 420
      },
      {
        "path": "dist/cli/table-command.js",
        "size": 1317,
        "mode": 420
      },
      {
        "path": "dist/cli/terminal.d.ts",
        "size": 720,
        "mode": 420
      },
      {
        "path": "dist/cli/terminal.js",
        "size": 2767,
        "mode": 420
      },
      {
        "path": "dist/cli/usage.d.ts",
        "size": 44,
        "mode": 420
      },
      {
        "path": "dist/cli/usage.js",
        "size": 17040,
        "mode": 420
      },
      {
        "path": "dist/color-export.d.ts",
        "size": 608,
        "mode": 420
      },
      {
        "path": "dist/color-export.js",
        "size": 1933,
        "mode": 420
      },
      {
        "path": "dist/core.d.ts",
        "size": 948,
        "mode": 420
      },
      {
        "path": "dist/core.js",
        "size": 813,
        "mode": 420
      },
      {
        "path": "dist/core/bits.d.ts",
        "size": 285,
        "mode": 420
      },
      {
        "path": "dist/core/bits.js",
        "size": 746,
        "mode": 420
      },
      {
        "path": "dist/core/colors.d.ts",
        "size": 557,
        "mode": 420
      },
      {
        "path": "dist/core/colors.js",
        "size": 5767,
        "mode": 420
      },
      {
        "path": "dist/core/dates.d.ts",
        "size": 759,
        "mode": 420
      },
      {
        "path": "dist/core/dates.js",
        "size": 5315,
        "mode": 420
      },
      {
        "path": "dist/core/representations.d.ts",
        "size": 641,
        "mode": 420
      },
      {
        "path": "dist/core/representations.js",
        "size": 4067,
        "mode": 420
      },
      {
        "path": "dist/core/seedshift.d.ts",
        "size": 2248,
        "mode": 420
      },
      {
        "path": "dist/core/seedshift.js",
        "size": 9011,
        "mode": 420
      },
      {
        "path": "dist/core/types.d.ts",
        "size": 1249,
        "mode": 420
      },
      {
        "path": "dist/core/types.js",
        "size": 140,
        "mode": 420
      },
      {
        "path": "dist/core/words.d.ts",
        "size": 986,
        "mode": 420
      },
      {
        "path": "dist/core/words.js",
        "size": 2567,
        "mode": 420
      },
      {
        "path": "dist/export/business-artwork.d.ts",
        "size": 263,
        "mode": 420
      },
      {
        "path": "dist/export/business-artwork.js",
        "size": 4262,
        "mode": 420
      },
      {
        "path": "dist/export/business-cards.d.ts",
        "size": 391,
        "mode": 420
      },
      {
        "path": "dist/export/business-cards.js",
        "size": 13120,
        "mode": 420
      },
      {
        "path": "dist/export/business-designs.d.ts",
        "size": 933,
        "mode": 420
      },
      {
        "path": "dist/export/business-designs.js",
        "size": 4147,
        "mode": 420
      },
      {
        "path": "dist/export/business-layout.d.ts",
        "size": 519,
        "mode": 420
      },
      {
        "path": "dist/export/business-layout.js",
        "size": 5258,
        "mode": 420
      },
      {
        "path": "dist/export/business-render-primitives.d.ts",
        "size": 458,
        "mode": 420
      },
      {
        "path": "dist/export/business-render-primitives.js",
        "size": 2197,
        "mode": 420
      },
      {
        "path": "dist/export/card-copy.d.ts",
        "size": 2915,
        "mode": 420
      },
      {
        "path": "dist/export/card-copy.js",
        "size": 4320,
        "mode": 420
      },
      {
        "path": "dist/export/card-identities.d.ts",
        "size": 2309,
        "mode": 420
      },
      {
        "path": "dist/export/card-identities.js",
        "size": 5637,
        "mode": 420
      },
      {
        "path": "dist/export/card-qr.d.ts",
        "size": 383,
        "mode": 420
      },
      {
        "path": "dist/export/card-qr.js",
        "size": 1788,
        "mode": 420
      },
      {
        "path": "dist/export/card-settings.d.ts",
        "size": 1464,
        "mode": 420
      },
      {
        "path": "dist/export/card-settings.js",
        "size": 2487,
        "mode": 420
      },
      {
        "path": "dist/export/document-metadata.d.ts",
        "size": 203,
        "mode": 420
      },
      {
        "path": "dist/export/document-metadata.js",
        "size": 308,
        "mode": 420
      },
      {
        "path": "dist/export/glass-artwork.d.ts",
        "size": 218,
        "mode": 420
      },
      {
        "path": "dist/export/glass-artwork.js",
        "size": 5576,
        "mode": 420
      },
      {
        "path": "dist/export/glass-cards.d.ts",
        "size": 522,
        "mode": 420
      },
      {
        "path": "dist/export/glass-cards.js",
        "size": 12550,
        "mode": 420
      },
      {
        "path": "dist/export/glass-layout.d.ts",
        "size": 625,
        "mode": 420
      },
      {
        "path": "dist/export/glass-layout.js",
        "size": 1919,
        "mode": 420
      },
      {
        "path": "dist/export/image-export.d.ts",
        "size": 731,
        "mode": 420
      },
      {
        "path": "dist/export/image-export.js",
        "size": 3891,
        "mode": 420
      },
      {
        "path": "dist/export/individual-cards.d.ts",
        "size": 450,
        "mode": 420
      },
      {
        "path": "dist/export/individual-cards.js",
        "size": 2342,
        "mode": 420
      },
      {
        "path": "dist/export/material-artwork.d.ts",
        "size": 819,
        "mode": 420
      },
      {
        "path": "dist/export/material-artwork.js",
        "size": 5451,
        "mode": 420
      },
      {
        "path": "dist/export/material-cards.d.ts",
        "size": 609,
        "mode": 420
      },
      {
        "path": "dist/export/material-cards.js",
        "size": 8900,
        "mode": 420
      },
      {
        "path": "dist/export/material-layout.d.ts",
        "size": 528,
        "mode": 420
      },
      {
        "path": "dist/export/material-layout.js",
        "size": 1627,
        "mode": 420
      },
      {
        "path": "dist/export/pdf.d.ts",
        "size": 424,
        "mode": 420
      },
      {
        "path": "dist/export/pdf.js",
        "size": 2057,
        "mode": 420
      },
      {
        "path": "dist/export/private-file.d.ts",
        "size": 405,
        "mode": 420
      },
      {
        "path": "dist/export/private-file.js",
        "size": 882,
        "mode": 420
      },
      {
        "path": "dist/export/sskr-cards.d.ts",
        "size": 1266,
        "mode": 420
      },
      {
        "path": "dist/export/sskr-cards.js",
        "size": 5916,
        "mode": 420
      },
      {
        "path": "dist/export/sskr-content.d.ts",
        "size": 378,
        "mode": 420
      },
      {
        "path": "dist/export/sskr-content.js",
        "size": 11,
        "mode": 420
      },
      {
        "path": "dist/export/templates.d.ts",
        "size": 2482,
        "mode": 420
      },
      {
        "path": "dist/export/templates.js",
        "size": 3686,
        "mode": 420
      },
      {
        "path": "dist/index.d.ts",
        "size": 330,
        "mode": 420
      },
      {
        "path": "dist/index.js",
        "size": 330,
        "mode": 420
      },
      {
        "path": "dist/mnemocode.d.ts",
        "size": 31,
        "mode": 420
      },
      {
        "path": "dist/mnemocode.js",
        "size": 5744,
        "mode": 420
      },
      {
        "path": "dist/record.d.ts",
        "size": 804,
        "mode": 420
      },
      {
        "path": "dist/record.js",
        "size": 1777,
        "mode": 420
      },
      {
        "path": "dist/sskr/bytewords-list.d.ts",
        "size": 2091,
        "mode": 420
      },
      {
        "path": "dist/sskr/bytewords-list.js",
        "size": 3265,
        "mode": 420
      },
      {
        "path": "dist/sskr/index.d.ts",
        "size": 260,
        "mode": 420
      },
      {
        "path": "dist/sskr/index.js",
        "size": 211,
        "mode": 420
      },
      {
        "path": "dist/sskr/runtime.d.ts",
        "size": 283,
        "mode": 420
      },
      {
        "path": "dist/sskr/runtime.js",
        "size": 1429,
        "mode": 420
      },
      {
        "path": "dist/sskr/self-test.d.ts",
        "size": 661,
        "mode": 420
      },
      {
        "path": "dist/sskr/self-test.js",
        "size": 1993,
        "mode": 420
      },
      {
        "path": "dist/sskr/shares.d.ts",
        "size": 361,
        "mode": 420
      },
      {
        "path": "dist/sskr/shares.js",
        "size": 2370,
        "mode": 420
      },
      {
        "path": "dist/sskr/transport.d.ts",
        "size": 1100,
        "mode": 420
      },
      {
        "path": "dist/sskr/transport.js",
        "size": 8986,
        "mode": 420
      },
      {
        "path": "dist/unicode-card-export.d.ts",
        "size": 557,
        "mode": 420
      },
      {
        "path": "dist/unicode-card-export.js",
        "size": 1437,
        "mode": 420
      },
      {
        "path": "docs/ARCHITECTURE.md",
        "size": 4964,
        "mode": 420
      },
      {
        "path": "docs/card-designs.md",
        "size": 3494,
        "mode": 420
      },
      {
        "path": "docs/card-identities.md",
        "size": 3340,
        "mode": 420
      },
      {
        "path": "docs/REVIEW.md",
        "size": 6321,
        "mode": 420
      },
      {
        "path": "docs/SSKR.md",
        "size": 15469,
        "mode": 420
      },
      {
        "path": "package.json",
        "size": 1826,
        "mode": 420
      },
      {
        "path": "vectors/mnemocode-v1.json",
        "size": 6205,
        "mode": 420
      },
      {
        "path": "vectors/sskr-v1.json",
        "size": 10451,
        "mode": 420
      },
      {
        "path": "vendor/sskr/generated/recovery_sskr_wasm_bg.wasm",
        "size": 394954,
        "mode": 420
      },
      {
        "path": "vendor/sskr/generated/recovery_sskr_wasm_bg.wasm.d.ts",
        "size": 1210,
        "mode": 420
      },
      {
        "path": "vendor/sskr/generated/recovery_sskr_wasm.d.ts",
        "size": 2232,
        "mode": 420
      },
      {
        "path": "vendor/sskr/generated/recovery_sskr_wasm.js",
        "size": 10029,
        "mode": 420
      },
      {
        "path": "vendor/sskr/integrity.json",
        "size": 707,
        "mode": 420
      },
      {
        "path": "vendor/sskr/LICENSE",
        "size": 1066,
        "mode": 420
      },
      {
        "path": "vendor/sskr/NOTICE.md",
        "size": 855,
        "mode": 420
      },
      {
        "path": "vendor/sskr/rust/Cargo.lock",
        "size": 32511,
        "mode": 420
      },
      {
        "path": "vendor/sskr/rust/Cargo.toml",
        "size": 664,
        "mode": 420
      },
      {
        "path": "vendor/sskr/rust/src/lib.rs",
        "size": 7660,
        "mode": 420
      },
      {
        "path": "vendor/sskr/UPSTREAM_NOTICES.md",
        "size": 9843,
        "mode": 420
      }
    ],
    "entryCount": 169,
    "bundled": []
  }
]
