{"template":"business-architect","pageSize":"a4","orientation":"landscape","ok":true,"pages":4,"widthMm":297,"heightMm":210,"bytes":2589026,"ms":2246}
{"template":"business-architect","pageSize":"a4","orientation":"portrait","ok":true,"pages":3,"widthMm":210,"heightMm":297,"bytes":2588020,"ms":2103}
{"template":"business-architect","pageSize":"a6","orientation":"landscape","ok":true,"pages":2,"widthMm":148,"heightMm":105,"bytes":2587511,"ms":2126}
{"template":"business-architect","pageSize":"a6","orientation":"portrait","ok":true,"pages":2,"widthMm":105,"heightMm":148,"bytes":2587693,"ms":2259}
{"template":"business-architect","pageSize":"wallet","orientation":"landscape","ok":true,"pages":2,"widthMm":85.6,"heightMm":54,"bytes":2585244,"ms":2232}
{"template":"business-architect","pageSize":"wallet","orientation":"portrait","ok":true,"pages":2,"widthMm":54,"heightMm":85.6,"bytes":2585439,"ms":2241}
{"template":"business-architect","pageSize":"business","orientation":"landscape","ok":true,"pages":2,"widthMm":90,"heightMm":50,"bytes":2585220,"ms":2243}
{"template":"business-architect","pageSize":"business","orientation":"portrait","ok":true,"pages":2,"widthMm":50,"heightMm":90,"bytes":2585596,"ms":2130}
{"template":"business-it","pageSize":"a4","orientation":"landscape","ok":true,"pages":4,"widthMm":297,"heightMm":210,"bytes":3566555,"ms":3544}
{"template":"business-it","pageSize":"a4","orientation":"portrait","ok":true,"pages":3,"widthMm":210,"heightMm":297,"bytes":3565551,"ms":3461}
{"template":"business-it","pageSize":"a6","orientation":"landscape","ok":true,"pages":2,"widthMm":148,"heightMm":105,"bytes":3565041,"ms":3496}
{"template":"business-it","pageSize":"a6","orientation":"portrait","ok":true,"pages":2,"widthMm":105,"heightMm":148,"bytes":3565223,"ms":3507}
{"template":"business-it","pageSize":"wallet","orientation":"landscape","ok":true,"pages":2,"widthMm":85.6,"heightMm":54,"bytes":3562773,"ms":3484}
{"template":"business-it","pageSize":"wallet","orientation":"portrait","ok":true,"pages":2,"widthMm":54,"heightMm":85.6,"bytes":3562967,"ms":3543}
{"template":"business-it","pageSize":"business","orientation":"landscape","ok":true,"pages":2,"widthMm":90,"heightMm":50,"bytes":3562750,"ms":3506}
{"template":"business-it","pageSize":"business","orientation":"portrait","ok":true,"pages":2,"widthMm":50,"heightMm":90,"bytes":3563125,"ms":3414}
{"template":"business-estate","pageSize":"a4","orientation":"landscape","ok":true,"pages":4,"widthMm":297,"heightMm":210,"bytes":10066921,"ms":4658}
{"template":"business-estate","pageSize":"a4","orientation":"portrait","ok":true,"pages":3,"widthMm":210,"heightMm":297,"bytes":10065987,"ms":4650}
{"template":"business-estate","pageSize":"a6","orientation":"landscape","ok":true,"pages":2,"widthMm":148,"heightMm":105,"bytes":10065288,"ms":4647}
{"template":"business-estate","pageSize":"a6","orientation":"portrait","ok":true,"pages":2,"widthMm":105,"heightMm":148,"bytes":10065493,"ms":4602}
{"template":"business-estate","pageSize":"wallet","orientation":"landscape","ok":true,"pages":2,"widthMm":85.6,"heightMm":54,"bytes":10063082,"ms":4634}
{"template":"business-estate","pageSize":"wallet","orientation":"portrait","ok":true,"pages":2,"widthMm":54,"heightMm":85.6,"bytes":10063319,"ms":4529}
{"template":"business-estate","pageSize":"business","orientation":"landscape","ok":true,"pages":2,"widthMm":90,"heightMm":50,"bytes":10063079,"ms":4708}
{"template":"business-estate","pageSize":"business","orientation":"portrait","ok":true,"pages":2,"widthMm":50,"heightMm":90,"bytes":10063383,"ms":4521}
{"template":"business-diagonal","pageSize":"a4","orientation":"landscape","ok":true,"pages":4,"widthMm":297,"heightMm":210,"bytes":6168162,"ms":4939}
{"template":"business-diagonal","pageSize":"a4","orientation":"portrait","ok":true,"pages":3,"widthMm":210,"heightMm":297,"bytes":6167231,"ms":4838}
{"template":"business-diagonal","pageSize":"a6","orientation":"landscape","ok":true,"pages":2,"widthMm":148,"heightMm":105,"bytes":6166721,"ms":4757}
{"template":"business-diagonal","pageSize":"a6","orientation":"portrait","ok":true,"pages":2,"widthMm":105,"heightMm":148,"bytes":6166916,"ms":4770}
{"template":"business-diagonal","pageSize":"wallet","orientation":"landscape","ok":true,"pages":2,"widthMm":85.6,"heightMm":54,"bytes":6164366,"ms":4946}
{"template":"business-diagonal","pageSize":"wallet","orientation":"portrait","ok":true,"pages":2,"widthMm":54,"heightMm":85.6,"bytes":6164668,"ms":5163}
{"template":"business-diagonal","pageSize":"business","orientation":"landscape","ok":true,"pages":2,"widthMm":90,"heightMm":50,"bytes":6164351,"ms":5195}
{"template":"business-diagonal","pageSize":"business","orientation":"portrait","ok":true,"pages":2,"widthMm":50,"heightMm":90,"bytes":6164684,"ms":5321}
{"template":"business-contact","pageSize":"a4","orientation":"landscape","ok":true,"pages":4,"widthMm":297,"heightMm":210,"bytes":3720422,"ms":4117}
{"template":"business-contact","pageSize":"a4","orientation":"portrait","ok":true,"pages":3,"widthMm":210,"heightMm":297,"bytes":3719483,"ms":4192}
{"template":"business-contact","pageSize":"a6","orientation":"landscape","ok":true,"pages":2,"widthMm":148,"heightMm":105,"bytes":3718883,"ms":4438}
{"template":"business-contact","pageSize":"a6","orientation":"portrait","ok":true,"pages":2,"widthMm":105,"heightMm":148,"bytes":3719077,"ms":4610}
{"template":"business-contact","pageSize":"wallet","orientation":"landscape","ok":true,"pages":2,"widthMm":85.6,"heightMm":54,"bytes":3716710,"ms":4494}
{"template":"business-contact","pageSize":"wallet","orientation":"portrait","ok":true,"pages":2,"widthMm":54,"heightMm":85.6,"bytes":3716896,"ms":4468}
{"template":"business-contact","pageSize":"business","orientation":"landscape","ok":true,"pages":2,"widthMm":90,"heightMm":50,"bytes":3716654,"ms":4258}
{"template":"business-contact","pageSize":"business","orientation":"portrait","ok":true,"pages":2,"widthMm":50,"heightMm":90,"bytes":3716990,"ms":4487}
{"template":"business-curves","pageSize":"a4","orientation":"landscape","ok":true,"pages":4,"widthMm":297,"heightMm":210,"bytes":5479202,"ms":5654}
{"template":"business-curves","pageSize":"a4","orientation":"portrait","ok":true,"pages":3,"widthMm":210,"heightMm":297,"bytes":5478220,"ms":5037}
{"template":"business-curves","pageSize":"a6","orientation":"landscape","ok":true,"pages":2,"widthMm":148,"heightMm":105,"bytes":5477572,"ms":5032}
{"template":"business-curves","pageSize":"a6","orientation":"portrait","ok":true,"pages":2,"widthMm":105,"heightMm":148,"bytes":5477818,"ms":5127}
{"template":"business-curves","pageSize":"wallet","orientation":"landscape","ok":true,"pages":2,"widthMm":85.6,"heightMm":54,"bytes":5475384,"ms":5128}
{"template":"business-curves","pageSize":"wallet","orientation":"portrait","ok":true,"pages":2,"widthMm":54,"heightMm":85.6,"bytes":5475656,"ms":5221}
{"template":"business-curves","pageSize":"business","orientation":"landscape","ok":true,"pages":2,"widthMm":90,"heightMm":50,"bytes":5475355,"ms":5082}
{"template":"business-curves","pageSize":"business","orientation":"portrait","ok":true,"pages":2,"widthMm":50,"heightMm":90,"bytes":5475715,"ms":4966}
{"template":"business-facets","pageSize":"a4","orientation":"landscape","ok":true,"pages":4,"widthMm":297,"heightMm":210,"bytes":5119208,"ms":4427}
{"template":"business-facets","pageSize":"a4","orientation":"portrait","ok":true,"pages":3,"widthMm":210,"heightMm":297,"bytes":5118261,"ms":4657}
{"template":"business-facets","pageSize":"a6","orientation":"landscape","ok":true,"pages":2,"widthMm":148,"heightMm":105,"bytes":5117776,"ms":4396}
{"template":"business-facets","pageSize":"a6","orientation":"portrait","ok":true,"pages":2,"widthMm":105,"heightMm":148,"bytes":5117969,"ms":5048}
{"template":"business-facets","pageSize":"wallet","orientation":"landscape","ok":true,"pages":2,"widthMm":85.6,"heightMm":54,"bytes":5115435,"ms":5219}
{"template":"business-facets","pageSize":"wallet","orientation":"portrait","ok":true,"pages":2,"widthMm":54,"heightMm":85.6,"bytes":5115762,"ms":5086}
{"template":"business-facets","pageSize":"business","orientation":"landscape","ok":true,"pages":2,"widthMm":90,"heightMm":50,"bytes":5115423,"ms":5143}
{"template":"business-facets","pageSize":"business","orientation":"portrait","ok":true,"pages":2,"widthMm":50,"heightMm":90,"bytes":5115843,"ms":5069}
{"template":"business-mixed","pageSize":"a4","orientation":"landscape","ok":true,"pages":4,"widthMm":297,"heightMm":210,"bytes":4977085,"ms":4347}
{"template":"business-mixed","pageSize":"a4","orientation":"portrait","ok":true,"pages":3,"widthMm":210,"heightMm":297,"bytes":4976080,"ms":4271}
{"template":"business-mixed","pageSize":"a6","orientation":"landscape","ok":true,"pages":2,"widthMm":148,"heightMm":105,"bytes":4975760,"ms":4022}
{"template":"business-mixed","pageSize":"a6","orientation":"portrait","ok":true,"pages":2,"widthMm":105,"heightMm":148,"bytes":4975941,"ms":3928}
{"template":"business-mixed","pageSize":"wallet","orientation":"landscape","ok":true,"pages":2,"widthMm":85.6,"heightMm":54,"bytes":4973436,"ms":4040}
{"template":"business-mixed","pageSize":"wallet","orientation":"portrait","ok":true,"pages":2,"widthMm":54,"heightMm":85.6,"bytes":4973642,"ms":3970}
{"template":"business-mixed","pageSize":"business","orientation":"landscape","ok":true,"pages":2,"widthMm":90,"heightMm":50,"bytes":4973405,"ms":3707}
{"template":"business-mixed","pageSize":"business","orientation":"portrait","ok":true,"pages":2,"widthMm":50,"heightMm":90,"bytes":4973859,"ms":3871}
{"template":"material-vehicle","pageSize":"a4","orientation":"landscape","ok":true,"pages":2,"widthMm":297,"heightMm":210,"bytes":218389,"ms":44}
{"template":"material-vehicle","pageSize":"a4","orientation":"portrait","ok":true,"pages":2,"widthMm":210,"heightMm":297,"bytes":218470,"ms":36}
{"template":"material-vehicle","pageSize":"a6","orientation":"landscape","ok":true,"pages":2,"widthMm":148,"heightMm":105,"bytes":218346,"ms":35}
{"template":"material-vehicle","pageSize":"a6","orientation":"portrait","ok":true,"pages":2,"widthMm":105,"heightMm":148,"bytes":218420,"ms":36}
{"template":"material-vehicle","pageSize":"wallet","orientation":"landscape","ok":true,"pages":2,"widthMm":85.6,"heightMm":54,"bytes":218101,"ms":35}
{"template":"material-vehicle","pageSize":"wallet","orientation":"portrait","ok":true,"pages":2,"widthMm":54,"heightMm":85.6,"bytes":218291,"ms":35}
{"template":"material-vehicle","pageSize":"business","orientation":"landscape","ok":true,"pages":2,"widthMm":90,"heightMm":50,"bytes":218165,"ms":36}
{"template":"material-vehicle","pageSize":"business","orientation":"portrait","ok":true,"pages":2,"widthMm":50,"heightMm":90,"bytes":218304,"ms":36}
{"template":"material-enclosure","pageSize":"a4","orientation":"landscape","ok":true,"pages":2,"widthMm":297,"heightMm":210,"bytes":196040,"ms":41}
{"template":"material-enclosure","pageSize":"a4","orientation":"portrait","ok":true,"pages":2,"widthMm":210,"heightMm":297,"bytes":196080,"ms":34}
{"template":"material-enclosure","pageSize":"a6","orientation":"landscape","ok":true,"pages":2,"widthMm":148,"heightMm":105,"bytes":196002,"ms":33}
{"template":"material-enclosure","pageSize":"a6","orientation":"portrait","ok":true,"pages":2,"widthMm":105,"heightMm":148,"bytes":196032,"ms":32}
{"template":"material-enclosure","pageSize":"wallet","orientation":"landscape","ok":true,"pages":2,"widthMm":85.6,"heightMm":54,"bytes":195741,"ms":34}
{"template":"material-enclosure","pageSize":"wallet","orientation":"portrait","ok":true,"pages":2,"widthMm":54,"heightMm":85.6,"bytes":195884,"ms":32}
{"template":"material-enclosure","pageSize":"business","orientation":"landscape","ok":true,"pages":2,"widthMm":90,"heightMm":50,"bytes":195811,"ms":29}
{"template":"material-enclosure","pageSize":"business","orientation":"portrait","ok":true,"pages":2,"widthMm":50,"heightMm":90,"bytes":195898,"ms":43}
{"template":"material-tile","pageSize":"a4","orientation":"landscape","ok":true,"pages":2,"widthMm":297,"heightMm":210,"bytes":226157,"ms":31}
{"template":"material-tile","pageSize":"a4","orientation":"portrait","ok":true,"pages":2,"widthMm":210,"heightMm":297,"bytes":226202,"ms":32}
{"template":"material-tile","pageSize":"a6","orientation":"landscape","ok":true,"pages":2,"widthMm":148,"heightMm":105,"bytes":226127,"ms":36}
{"template":"material-tile","pageSize":"a6","orientation":"portrait","ok":true,"pages":2,"widthMm":105,"heightMm":148,"bytes":226156,"ms":32}
{"template":"material-tile","pageSize":"wallet","orientation":"landscape","ok":true,"pages":2,"widthMm":85.6,"heightMm":54,"bytes":225868,"ms":32}
{"template":"material-tile","pageSize":"wallet","orientation":"portrait","ok":true,"pages":2,"widthMm":54,"heightMm":85.6,"bytes":225990,"ms":32}
{"template":"material-tile","pageSize":"business","orientation":"landscape","ok":true,"pages":2,"widthMm":90,"heightMm":50,"bytes":225931,"ms":33}
{"template":"material-tile","pageSize":"business","orientation":"portrait","ok":true,"pages":2,"widthMm":50,"heightMm":90,"bytes":226028,"ms":31}
{"template":"material-switch","pageSize":"a4","orientation":"landscape","ok":true,"pages":2,"widthMm":297,"heightMm":210,"bytes":184835,"ms":38}
{"template":"material-switch","pageSize":"a4","orientation":"portrait","ok":true,"pages":2,"widthMm":210,"heightMm":297,"bytes":184840,"ms":30}
{"template":"material-switch","pageSize":"a6","orientation":"landscape","ok":true,"pages":2,"widthMm":148,"heightMm":105,"bytes":184800,"ms":31}
{"template":"material-switch","pageSize":"a6","orientation":"portrait","ok":true,"pages":2,"widthMm":105,"heightMm":148,"bytes":184803,"ms":30}
{"template":"material-switch","pageSize":"wallet","orientation":"landscape","ok":true,"pages":2,"widthMm":85.6,"heightMm":54,"bytes":184538,"ms":34}
{"template":"material-switch","pageSize":"wallet","orientation":"portrait","ok":true,"pages":2,"widthMm":54,"heightMm":85.6,"bytes":184655,"ms":29}
{"template":"material-switch","pageSize":"business","orientation":"landscape","ok":true,"pages":2,"widthMm":90,"heightMm":50,"bytes":184600,"ms":29}
{"template":"material-switch","pageSize":"business","orientation":"portrait","ok":true,"pages":2,"widthMm":50,"heightMm":90,"bytes":184666,"ms":35}
{"template":"material-kitchen","pageSize":"a4","orientation":"landscape","ok":true,"pages":2,"widthMm":297,"heightMm":210,"bytes":185706,"ms":42}
{"template":"material-kitchen","pageSize":"a4","orientation":"portrait","ok":true,"pages":2,"widthMm":210,"heightMm":297,"bytes":185725,"ms":33}
{"template":"material-kitchen","pageSize":"a6","orientation":"landscape","ok":true,"pages":2,"widthMm":148,"heightMm":105,"bytes":185688,"ms":32}
{"template":"material-kitchen","pageSize":"a6","orientation":"portrait","ok":true,"pages":2,"widthMm":105,"heightMm":148,"bytes":185691,"ms":31}
{"template":"material-kitchen","pageSize":"wallet","orientation":"landscape","ok":true,"pages":2,"widthMm":85.6,"heightMm":54,"bytes":185407,"ms":31}
{"template":"material-kitchen","pageSize":"wallet","orientation":"portrait","ok":true,"pages":2,"widthMm":54,"heightMm":85.6,"bytes":185540,"ms":26}
{"template":"material-kitchen","pageSize":"business","orientation":"landscape","ok":true,"pages":2,"widthMm":90,"heightMm":50,"bytes":185481,"ms":29}
{"template":"material-kitchen","pageSize":"business","orientation":"portrait","ok":true,"pages":2,"widthMm":50,"heightMm":90,"bytes":185575,"ms":29}
{"template":"business-glass-4in1","pageSize":"a4","orientation":"landscape","ok":true,"pages":2,"widthMm":297,"heightMm":210,"bytes":1467018,"ms":1042}
{"template":"business-glass-4in1","pageSize":"a4","orientation":"portrait","ok":true,"pages":2,"widthMm":210,"heightMm":297,"bytes":1467006,"ms":1114}
{"template":"business-glass-4in1","pageSize":"a6","orientation":"landscape","ok":true,"pages":2,"widthMm":148,"heightMm":105,"bytes":1467053,"ms":947}
{"template":"business-glass-4in1","pageSize":"a6","orientation":"portrait","ok":true,"pages":2,"widthMm":105,"heightMm":148,"bytes":1467207,"ms":1052}
{"template":"business-glass-4in1","pageSize":"wallet","orientation":"landscape","ok":true,"pages":5,"widthMm":85.6,"heightMm":54,"bytes":1467204,"ms":909}
{"template":"business-glass-4in1","pageSize":"wallet","orientation":"portrait","ok":true,"pages":5,"widthMm":54,"heightMm":85.6,"bytes":1467083,"ms":903}
{"template":"business-glass-4in1","pageSize":"business","orientation":"landscape","ok":true,"pages":5,"widthMm":90,"heightMm":50,"bytes":1466915,"ms":904}
{"template":"business-glass-4in1","pageSize":"business","orientation":"portrait","ok":true,"pages":5,"widthMm":50,"heightMm":90,"bytes":1467122,"ms":889}
{"template":"business-glass-6in1","pageSize":"a4","orientation":"landscape","ok":true,"pages":1,"widthMm":297,"heightMm":210,"bytes":245060,"ms":48}
{"template":"business-glass-6in1","pageSize":"a4","orientation":"portrait","ok":true,"pages":1,"widthMm":210,"heightMm":297,"bytes":245020,"ms":39}
{"template":"business-glass-6in1","pageSize":"a6","orientation":"landscape","ok":true,"pages":2,"widthMm":148,"heightMm":105,"bytes":242543,"ms":33}
{"template":"business-glass-6in1","pageSize":"a6","orientation":"portrait","ok":true,"pages":2,"widthMm":105,"heightMm":148,"bytes":242595,"ms":29}
{"template":"business-glass-6in1","pageSize":"wallet","orientation":"landscape","ok":true,"pages":3,"widthMm":85.6,"heightMm":54,"bytes":243740,"ms":37}
{"template":"business-glass-6in1","pageSize":"wallet","orientation":"portrait","ok":true,"pages":4,"widthMm":54,"heightMm":85.6,"bytes":241943,"ms":30}
{"template":"business-glass-6in1","pageSize":"business","orientation":"landscape","ok":true,"pages":3,"widthMm":90,"heightMm":50,"bytes":243756,"ms":37}
{"template":"business-glass-6in1","pageSize":"business","orientation":"portrait","ok":true,"pages":4,"widthMm":50,"heightMm":90,"bytes":241815,"ms":28}
{"template":"business-glass-8in1","pageSize":"a4","orientation":"landscape","ok":true,"pages":1,"widthMm":297,"heightMm":210,"bytes":145887,"ms":38}
{"template":"business-glass-8in1","pageSize":"a4","orientation":"portrait","ok":true,"pages":1,"widthMm":210,"heightMm":297,"bytes":145893,"ms":31}
{"template":"business-glass-8in1","pageSize":"a6","orientation":"landscape","ok":true,"pages":2,"widthMm":148,"heightMm":105,"bytes":145637,"ms":31}
{"template":"business-glass-8in1","pageSize":"a6","orientation":"portrait","ok":true,"pages":1,"widthMm":105,"heightMm":148,"bytes":145874,"ms":31}
{"template":"business-glass-8in1","pageSize":"wallet","orientation":"landscape","ok":true,"pages":2,"widthMm":85.6,"heightMm":54,"bytes":144360,"ms":28}
{"template":"business-glass-8in1","pageSize":"wallet","orientation":"portrait","ok":true,"pages":3,"widthMm":54,"heightMm":85.6,"bytes":144564,"ms":30}
{"template":"business-glass-8in1","pageSize":"business","orientation":"landscape","ok":true,"pages":2,"widthMm":90,"heightMm":50,"bytes":144347,"ms":31}
{"template":"business-glass-8in1","pageSize":"business","orientation":"portrait","ok":true,"pages":3,"widthMm":50,"heightMm":90,"bytes":144462,"ms":28}
SUMMARY 128 128 279570
