split-3-of-5 {"ms":5198,"shares":5,"qrCardFiles":10,"pngPages":10,"stdoutHasShares":true}
Syntax Warning: May not be a PDF file (continuing anyway)
Syntax Error: Couldn't find trailer dictionary
Syntax Error: Couldn't find trailer dictionary
Syntax Error: Couldn't read xref table
node:internal/errors:999
  const err = new Error(message);
              ^

Error: Command failed: pdftoppm -r 200 -png /tmp/mnemocode-aud-002-sskr-OE6TzD/qr-cards/collection-E56B-1-1-01.png /tmp/raster-PJMsjp/p
Syntax Warning: May not be a PDF file (continuing anyway)
Syntax Error: Couldn't find trailer dictionary
Syntax Error: Couldn't find trailer dictionary
Syntax Error: Couldn't read xref table

    at genericNodeError (node:internal/errors:999:15)
    at wrappedFn (node:internal/errors:544:14)
    at checkExecSyncError (node:child_process:943:11)
    at execFileSync (node:child_process:979:15)
    at decodeQrsFromPdf (file:///home/user/Documents/bip_tools/mnemocode/docs/audits/AUD-002-evidence/harnesses/sskr-cards-probe.mjs:21:3)
    at file:///home/user/Documents/bip_tools/mnemocode/docs/audits/AUD-002-evidence/harnesses/sskr-cards-probe.mjs:40:17
    at ModuleJob.run (node:internal/modules/esm/module_job:569:25)
    at async node:internal/modules/esm/loader:650:26
    at async asyncRunEntryPointWithESMLoader (node:internal/modules/run_main:105:5) {
  status: 1,
  signal: null,
  output: [
    null,
    Buffer(0) [Uint8Array] [],
    Buffer(191) [Uint8Array] [
       83, 121, 110, 116,  97, 120,  32,  87,  97, 114, 110, 105,
      110, 103,  58,  32,  77,  97, 121,  32, 110, 111, 116,  32,
       98, 101,  32,  97,  32,  80,  68,  70,  32, 102, 105, 108,
      101,  32,  40,  99, 111, 110, 116, 105, 110, 117, 105, 110,
      103,  32,  97, 110, 121, 119,  97, 121,  41,  10,  83, 121,
      110, 116,  97, 120,  32,  69, 114, 114, 111, 114,  58,  32,
       67, 111, 117, 108, 100, 110,  39, 116,  32, 102, 105, 110,
      100,  32, 116, 114,  97, 105, 108, 101, 114,  32, 100, 105,
       99, 116, 105, 111,
      ... 91 more items
    ]
  ],
  pid: 316521,
  stdout: Buffer(0) [Uint8Array] [],
  stderr: Buffer(191) [Uint8Array] [
     83, 121, 110, 116,  97, 120,  32,  87,  97, 114, 110, 105,
    110, 103,  58,  32,  77,  97, 121,  32, 110, 111, 116,  32,
     98, 101,  32,  97,  32,  80,  68,  70,  32, 102, 105, 108,
    101,  32,  40,  99, 111, 110, 116, 105, 110, 117, 105, 110,
    103,  32,  97, 110, 121, 119,  97, 121,  41,  10,  83, 121,
    110, 116,  97, 120,  32,  69, 114, 114, 111, 114,  58,  32,
     67, 111, 117, 108, 100, 110,  39, 116,  32, 102, 105, 110,
    100,  32, 116, 114,  97, 105, 108, 101, 114,  32, 100, 105,
     99, 116, 105, 111,
    ... 91 more items
  ]
}

Node.js v26.10.0
