{
  "png": [
    {
      "name": "01-0310C4.png",
      "width": 1063,
      "height": 591,
      "mode": "600",
      "decoded": "#0310C4 #203250 #401A28 #5BDBA4 #7D2328 #98E4AD",
      "expected": "#0310C4 #203250 #401A28 #5BDBA4 #7D2328 #98E4AD",
      "matches": true
    },
    {
      "name": "02-BA2C8C.png",
      "width": 1063,
      "height": 591,
      "mode": "600",
      "decoded": "#BA2C8C #D68B50",
      "expected": "#BA2C8C #D68B50",
      "matches": true
    }
  ],
  "jpg": [
    {
      "name": "page-01.jpg",
      "isJpeg": true,
      "mode": "600"
    },
    {
      "name": "page-02.jpg",
      "isJpeg": true,
      "mode": "600"
    }
  ],
  "directoryModes": {
    "png": "700",
    "jpg": "700"
  }
}
