{
  "sourceFiles": 63,
  "formattedCodeFiles": 76,
  "formatFailures": [
    "README.md",
    "docs/ARCHITECTURE.md",
    "docs/SSKR.md",
    "docs/card-designs.md",
    "docs/card-identities.md"
  ],
  "functionsAtLeast70Lines": [
    {
      "file": "src/cli/decode-command.ts",
      "name": "runDecode",
      "start": 24,
      "lines": 75
    },
    {
      "file": "src/cli/encode-export.ts",
      "name": "saveEncodeResult",
      "start": 18,
      "lines": 93
    },
    {
      "file": "src/cli/encode-report.ts",
      "name": "printEncodeResult",
      "start": 7,
      "lines": 83
    },
    {
      "file": "src/cli/preview-command.ts",
      "name": "runPreview",
      "start": 25,
      "lines": 100
    },
    {
      "file": "src/cli/recover-date-command.ts",
      "name": "runRecoverDate",
      "start": 24,
      "lines": 84
    },
    {
      "file": "src/cli/sskr-command.ts",
      "name": "runSskrSplit",
      "start": 166,
      "lines": 71
    },
    {
      "file": "src/cli/usage.ts",
      "name": "printUsage",
      "start": 2,
      "lines": 316
    },
    {
      "file": "src/export/business-cards.ts",
      "name": "renderSingle",
      "start": 151,
      "lines": 71
    },
    {
      "file": "src/export/business-designs.ts",
      "name": "businessFields",
      "start": 45,
      "lines": 79
    },
    {
      "file": "src/export/glass-artwork.ts",
      "name": "glassArtwork",
      "start": 36,
      "lines": 117
    },
    {
      "file": "src/export/material-cards.ts",
      "name": "createRenderContext",
      "start": 90,
      "lines": 104
    },
    {
      "file": "src/export/material-cards.ts",
      "name": "drawMaterialFront",
      "start": 195,
      "lines": 86
    },
    {
      "file": "src/mnemocode.ts",
      "name": "main",
      "start": 22,
      "lines": 144
    }
  ],
  "nonNullAssertions": 134,
  "nestedTernaries": 30,
  "runtimeStaticImportCycles": [],
  "integrity": [
    {
      "path": "rust/Cargo.lock",
      "match": true
    },
    {
      "path": "rust/Cargo.toml",
      "match": true
    },
    {
      "path": "generated/recovery_sskr_wasm_bg.wasm.d.ts",
      "match": true
    },
    {
      "path": "generated/recovery_sskr_wasm.d.ts",
      "match": true
    },
    {
      "path": "generated/recovery_sskr_wasm_bg.wasm",
      "match": true
    },
    {
      "path": "generated/recovery_sskr_wasm.js",
      "match": true
    },
    {
      "path": "rust/src/lib.rs",
      "match": true
    }
  ],
  "installed": {
    "@pdf-lib/fontkit": {
      "pinned": "1.1.1",
      "installed": "1.1.1",
      "match": true
    },
    "@scure/bip32": {
      "pinned": "2.4.0",
      "installed": "2.4.0",
      "match": true
    },
    "@scure/bip39": {
      "pinned": "2.4.0",
      "installed": "2.4.0",
      "match": true
    },
    "@scure/btc-signer": {
      "pinned": "2.4.1",
      "installed": "2.4.1",
      "match": true
    },
    "bwip-js": {
      "pinned": "4.11.4",
      "installed": "4.11.4",
      "match": true
    },
    "jsqr": {
      "pinned": "1.4.0",
      "installed": "1.4.0",
      "match": true
    },
    "pdf-lib": {
      "pinned": "1.17.1",
      "installed": "1.17.1",
      "match": true
    },
    "pngjs": {
      "pinned": "7.0.0",
      "installed": "7.0.0",
      "match": true
    },
    "qrcode": {
      "pinned": "1.5.4",
      "installed": "1.5.4",
      "match": true
    },
    "@types/node": {
      "pinned": "24.7.2",
      "installed": "24.7.2",
      "match": true
    },
    "@types/pngjs": {
      "pinned": "6.0.5",
      "installed": "6.0.5",
      "match": true
    },
    "@types/qrcode": {
      "pinned": "1.5.6",
      "installed": "1.5.6",
      "match": true
    },
    "tsx": {
      "pinned": "4.20.6",
      "installed": "4.20.6",
      "match": true
    },
    "typescript": {
      "pinned": "5.9.3",
      "installed": "5.9.3",
      "match": true
    },
    "vitest": {
      "pinned": "3.2.4",
      "installed": "3.2.4",
      "match": true
    }
  },
  "vectors": [
    {
      "name": "direct-12",
      "words": 12,
      "mode": "direct",
      "sourceFingerprint": true,
      "encodedFingerprint": true
    },
    {
      "name": "checksum-valid-seedshift-12",
      "words": 12,
      "mode": "seedshift",
      "sourceFingerprint": false,
      "encodedFingerprint": false
    },
    {
      "name": "checksum-valid-seedshift-15",
      "words": 15,
      "mode": "seedshift",
      "sourceFingerprint": false,
      "encodedFingerprint": false
    },
    {
      "name": "checksum-valid-seedshift-18",
      "words": 18,
      "mode": "seedshift",
      "sourceFingerprint": false,
      "encodedFingerprint": false
    },
    {
      "name": "checksum-valid-seedshift-21",
      "words": 21,
      "mode": "seedshift",
      "sourceFingerprint": false,
      "encodedFingerprint": false
    },
    {
      "name": "checksum-valid-seedshift-24",
      "words": 24,
      "mode": "seedshift",
      "sourceFingerprint": false,
      "encodedFingerprint": false
    },
    {
      "name": "legacy-seedshift-12",
      "words": 12,
      "mode": "seedshift-legacy",
      "sourceFingerprint": false,
      "encodedFingerprint": false
    }
  ],
  "sskr": {
    "officialShares": 8,
    "deterministic": 5
  }
}
